args: ('foo',) => 'foo, -1, 0'
args: ('Aged Brie',) => 'Aged Brie, -1, 2'
args: ('Backstage passes to a TAFKAL80ETC concert',) => 'Backstage passes to a TAFKAL80ETC concert, -1, 0'
