args: ('foo', -1) => 'foo, -1, -1'
args: ('foo', 0) => 'foo, -1, 0'
args: ('foo', 1) => 'foo, -1, 0'
args: ('foo', 49) => 'foo, -1, 47'
args: ('foo', 50) => 'foo, -1, 48'
args: ('foo', 51) => 'foo, -1, 49'
args: ('Aged Brie', -1) => 'Aged Brie, -1, 1'
args: ('Aged Brie', 0) => 'Aged Brie, -1, 2'
args: ('Aged Brie', 1) => 'Aged Brie, -1, 3'
args: ('Aged Brie', 49) => 'Aged Brie, -1, 50'
args: ('Aged Brie', 50) => 'Aged Brie, -1, 50'
args: ('Aged Brie', 51) => 'Aged Brie, -1, 51'
args: ('Backstage passes to a TAFKAL80ETC concert', -1) => 'Backstage passes to a TAFKAL80ETC concert, -1, 0'
args: ('Backstage passes to a TAFKAL80ETC concert', 0) => 'Backstage passes to a TAFKAL80ETC concert, -1, 0'
args: ('Backstage passes to a TAFKAL80ETC concert', 1) => 'Backstage passes to a TAFKAL80ETC concert, -1, 0'
args: ('Backstage passes to a TAFKAL80ETC concert', 49) => 'Backstage passes to a TAFKAL80ETC concert, -1, 0'
args: ('Backstage passes to a TAFKAL80ETC concert', 50) => 'Backstage passes to a TAFKAL80ETC concert, -1, 0'
args: ('Backstage passes to a TAFKAL80ETC concert', 51) => 'Backstage passes to a TAFKAL80ETC concert, -1, 0'
args: ('Sulfuras, Hand of Ragnaros', -1) => 'Sulfuras, Hand of Ragnaros, 0, -1'
args: ('Sulfuras, Hand of Ragnaros', 0) => 'Sulfuras, Hand of Ragnaros, 0, 0'
args: ('Sulfuras, Hand of Ragnaros', 1) => 'Sulfuras, Hand of Ragnaros, 0, 1'
args: ('Sulfuras, Hand of Ragnaros', 49) => 'Sulfuras, Hand of Ragnaros, 0, 49'
args: ('Sulfuras, Hand of Ragnaros', 50) => 'Sulfuras, Hand of Ragnaros, 0, 50'
args: ('Sulfuras, Hand of Ragnaros', 51) => 'Sulfuras, Hand of Ragnaros, 0, 51'
